** Drc report for dao_board.kicad_pcb **
** Created on 2026-10-10T16:39:40 **
** Report includes: Errors, Warnings **

** Found 16 DRC violations **
[silk_edge_clearance]: Silkscreen clipped by board edge
    Rule: 基板の設定のシルクスクリーンの制約; warning
    @(100.0000 mm, 100.0000 mm): Rectangle on Edge.Cuts
    @(153.2561 mm, 99.8261 mm): Segment of USBC1 on F.Silkscreen
[silk_edge_clearance]: Silkscreen clipped by board edge
    Rule: 基板の設定のシルクスクリーンの制約; warning
    @(100.0000 mm, 100.0000 mm): Rectangle on Edge.Cuts
    @(144.3161 mm, 99.8261 mm): Segment of USBC1 on F.Silkscreen
[lib_footprint_mismatch]: フットプリント 'USB-C_SMD-TYPE-C-31-M-12_1' が、ライブラリ 'c165948' のコピーと一致しません
    Local override; warning
    @(148.7861 mm, 104.9161 mm): Footprint USBC1
[lib_footprint_mismatch]: フットプリント 'Raytac_MDBT50Q' が、ライブラリ 'RF_Module' のコピーと一致しません
    Local override; warning
    @(133.0361 mm, 108.1961 mm): Footprint U1
[silk_overlap]: Silkscreen clearance
    Rule: 基板の設定のシルクスクリーンの制約; warning
    @(154.2861 mm, 123.8242 mm): Arc of C3 on F.Silkscreen
    @(153.6861 mm, 124.1536 mm): Circle of U2 on F.Silkscreen
[silk_overlap]: Silkscreen clearance
    Rule: 基板の設定のシルクスクリーンの制約; warning
    @(153.7861 mm, 122.6936 mm): Segment of C3 on F.Silkscreen
    @(153.6861 mm, 124.1536 mm): Circle of U2 on F.Silkscreen
[silk_overlap]: Silkscreen clearance
    Rule: 基板の設定のシルクスクリーンの制約; warning
    @(156.3861 mm, 129.7636 mm): Circle of U3 on F.Silkscreen
    @(156.5661 mm, 130.9636 mm): Segment of C4 on F.Silkscreen
[silk_overlap]: Silkscreen clearance
    Rule: 基板の設定のシルクスクリーンの制約; warning
    @(156.3861 mm, 129.7636 mm): Circle of U3 on F.Silkscreen
    @(156.0661 mm, 129.8330 mm): Arc of C4 on F.Silkscreen
[silk_overlap]: Silkscreen clearance
    Rule: 基板の設定のシルクスクリーンの制約; warning
    @(141.2861 mm, 120.8836 mm): Reference field of R6
    @(140.7861 mm, 119.9436 mm): Segment of R7 on F.Silkscreen
[silk_overlap]: Silkscreen clearance
    Rule: 基板の設定のシルクスクリーンの制約; warning
    @(141.7861 mm, 121.8436 mm): Segment of R7 on F.Silkscreen
    @(141.2861 mm, 120.8836 mm): Reference field of R6
[silk_overlap]: Silkscreen clearance
    Rule: 基板の設定のシルクスクリーンの制約; warning
    @(141.7861 mm, 117.4436 mm): Segment of R4 on F.Silkscreen
    @(141.2861 mm, 116.8936 mm): Reference field of R5
[silk_overlap]: Silkscreen clearance
    Rule: 基板の設定のシルクスクリーンの制約; warning
    @(141.2861 mm, 116.8936 mm): Reference field of R5
    @(141.7861 mm, 119.3436 mm): Segment of R4 on F.Silkscreen
[silk_over_copper]: Silkscreen clipped by solder mask
    Local override; warning
    @(160.2861 mm, 109.3536 mm): Reference field of SW1
    @(160.2861 mm, 109.4736 mm): PTH pad 1 [+3V3] of J3
[silk_over_copper]: Silkscreen clipped by solder mask
    Local override; warning
    @(156.3861 mm, 129.7636 mm): Circle of U3 on F.Silkscreen
    @(156.0661 mm, 129.7836 mm): Pad 2 [/VBUS_5V] of C4 on F.Cu
[silk_over_copper]: Silkscreen clipped by solder mask
    Local override; warning
    @(141.2861 mm, 120.8836 mm): Reference field of R6
    @(141.2861 mm, 120.3836 mm): Pad 2 [/RD2] of R7 on F.Cu
[silk_over_copper]: Silkscreen clipped by solder mask
    Local override; warning
    @(141.2861 mm, 120.8836 mm): Reference field of R6
    @(141.2861 mm, 121.4036 mm): Pad 1 [Net-(J14-Pin_2)] of R7 on F.Cu

** Found 116 unconnected pads **
[unconnected_items]: Missing connection between items
    Local override; error
    @(136.7861 mm, 111.5461 mm): Pad 40 [/nRESET] of U1 on F.Cu
    @(158.1261 mm, 113.3536 mm): Pad 1 [/nRESET] of SW1 on F.Cu
[unconnected_items]: Missing connection between items
    Local override; error
    @(104.7861 mm, 124.3136 mm): PTH pad 2 [GND] of J4
    @(116.7861 mm, 123.3936 mm): Pad 1 [GND] of TP2 on F.Cu
[unconnected_items]: Missing connection between items
    Local override; error
    @(110.7861 mm, 103.3936 mm): PTH pad 4 [GND] of J12
    @(119.2861 mm, 111.7336 mm): Pad 2 [GND] of SW2 on F.Cu
[unconnected_items]: Missing connection between items
    Local override; error
    @(116.7861 mm, 123.3936 mm): Pad 1 [GND] of TP2 on F.Cu
    @(121.7861 mm, 128.8936 mm): Pad 2 [GND] of C6 on F.Cu
[unconnected_items]: Missing connection between items
    Local override; error
    @(116.7861 mm, 123.3936 mm): Pad 1 [GND] of TP2 on F.Cu
    @(119.2861 mm, 111.7336 mm): Pad 2 [GND] of SW2 on F.Cu
[unconnected_items]: Missing connection between items
    Local override; error
    @(120.2861 mm, 135.8936 mm): PTH pad 4 [GND] of J14
    @(122.5611 mm, 130.3936 mm): Pad 2 [GND] of C5 on F.Cu
[unconnected_items]: Missing connection between items
    Local override; error
    @(120.2861 mm, 152.8936 mm): PTH pad 4 [GND] of J11
    @(127.7861 mm, 144.3936 mm): PTH pad 4 [GND] of J10
[unconnected_items]: Missing connection between items
    Local override; error
    @(121.7861 mm, 128.8936 mm): Pad 2 [GND] of C6 on F.Cu
    @(122.5611 mm, 130.3936 mm): Pad 2 [GND] of C5 on F.Cu
[unconnected_items]: Missing connection between items
    Local override; error
    @(128.2361 mm, 115.3461 mm): Pad 15 [GND] of U1 on F.Cu
    @(135.7661 mm, 117.3936 mm): Pad 1 [GND] of C1 on F.Cu
[unconnected_items]: Missing connection between items
    Local override; error
    @(128.2361 mm, 115.3461 mm): Pad 15 [GND] of U1 on F.Cu
    @(119.2861 mm, 111.7336 mm): Pad 2 [GND] of SW2 on F.Cu
[unconnected_items]: Missing connection between items
    Local override; error
    @(128.3861 mm, 105.5461 mm): Pad 2 [GND] of U1 on F.Cu
    @(128.3861 mm, 104.4461 mm): Pad 1 [GND] of U1 on F.Cu
[unconnected_items]: Missing connection between items
    Local override; error
    @(130.7861 mm, 135.8936 mm): PTH pad 2 [GND] of J1
    @(127.7861 mm, 144.3936 mm): PTH pad 4 [GND] of J10
[unconnected_items]: Missing connection between items
    Local override; error
    @(130.7861 mm, 135.8936 mm): PTH pad 2 [GND] of J1
    @(122.5611 mm, 130.3936 mm): Pad 2 [GND] of C5 on F.Cu
[unconnected_items]: Missing connection between items
    Local override; error
    @(135.7661 mm, 117.3936 mm): Pad 1 [GND] of C1 on F.Cu
    @(136.5611 mm, 118.8936 mm): Pad 1 [GND] of C2 on F.Cu
[unconnected_items]: Missing connection between items
    Local override; error
    @(135.7861 mm, 152.8936 mm): PTH pad 4 [GND] of J9
    @(127.7861 mm, 144.3936 mm): PTH pad 4 [GND] of J10
[unconnected_items]: Missing connection between items
    Local override; error
    @(137.6861 mm, 104.4461 mm): Pad 55 [GND] of U1 on F.Cu
    @(128.3861 mm, 104.4461 mm): Pad 1 [GND] of U1 on F.Cu
[unconnected_items]: Missing connection between items
    Local override; error
    @(137.8361 mm, 115.3461 mm): Pad 33 [GND] of U1 on F.Cu
    @(135.7661 mm, 117.3936 mm): Pad 1 [GND] of C1 on F.Cu
[unconnected_items]: Missing connection between items
    Local override; error
    @(143.2861 mm, 144.3936 mm): PTH pad 4 [GND] of J8
    @(135.7861 mm, 152.8936 mm): PTH pad 4 [GND] of J9
[unconnected_items]: Missing connection between items
    Local override; error
    @(143.2861 mm, 144.3936 mm): PTH pad 4 [GND] of J8
    @(151.2861 mm, 152.8936 mm): PTH pad 4 [GND] of J7
[unconnected_items]: Missing connection between items
    Local override; error
    @(144.4561 mm, 102.4461 mm): PTH pad 2 [GND] of USBC1
    @(144.4561 mm, 106.6261 mm): PTH pad 1 [GND] of USBC1
[unconnected_items]: Missing connection between items
    Local override; error
    @(144.4561 mm, 102.4461 mm): PTH pad 2 [GND] of USBC1
    @(137.6861 mm, 104.4461 mm): Pad 55 [GND] of U1 on F.Cu
[unconnected_items]: Missing connection between items
    Local override; error
    @(144.4561 mm, 106.6261 mm): PTH pad 1 [GND] of USBC1
    @(145.5861 mm, 107.3861 mm): Pad B1A12 [GND] of USBC1 on F.Cu
[unconnected_items]: Missing connection between items
    Local override; error
    @(146.2861 mm, 111.9036 mm): Pad 2 [GND] of R3 on F.Cu
    @(145.5861 mm, 107.3861 mm): Pad B1A12 [GND] of USBC1 on F.Cu
[unconnected_items]: Missing connection between items
    Local override; error
    @(146.2861 mm, 111.9036 mm): Pad 2 [GND] of R3 on F.Cu
    @(151.2861 mm, 111.9136 mm): Pad 1 [GND] of R2 on F.Cu
[unconnected_items]: Missing connection between items
    Local override; error
    @(146.2861 mm, 111.9036 mm): Pad 2 [GND] of R3 on F.Cu
    @(137.8361 mm, 115.3461 mm): Pad 33 [GND] of U1 on F.Cu
[unconnected_items]: Missing connection between items
    Local override; error
    @(148.5061 mm, 124.1536 mm): Pad 8 [GND] of U2 on F.Cu
    @(154.2861 mm, 122.9136 mm): Pad 1 [GND] of C3 on F.Cu
[unconnected_items]: Missing connection between items
    Local override; error
    @(151.2861 mm, 111.9136 mm): Pad 1 [GND] of R2 on F.Cu
    @(162.4461 mm, 113.3536 mm): Pad 2 [GND] of SW1 on F.Cu
[unconnected_items]: Missing connection between items
    Local override; error
    @(151.2861 mm, 111.9136 mm): Pad 1 [GND] of R2 on F.Cu
    @(154.2861 mm, 122.9136 mm): Pad 1 [GND] of C3 on F.Cu
[unconnected_items]: Missing connection between items
    Local override; error
    @(151.9861 mm, 107.3861 mm): Pad A1B12 [GND] of USBC1 on F.Cu
    @(151.2861 mm, 111.9136 mm): Pad 1 [GND] of R2 on F.Cu
[unconnected_items]: Missing connection between items
    Local override; error
    @(153.0661 mm, 129.8936 mm): Pad 16 [GND] of U2 on F.Cu
    @(156.0661 mm, 130.7436 mm): Pad 1 [GND] of C4 on F.Cu
[unconnected_items]: Missing connection between items
    Local override; error
    @(153.1161 mm, 106.6261 mm): PTH pad 4 [GND] of USBC1
    @(151.9861 mm, 107.3861 mm): Pad A1B12 [GND] of USBC1 on F.Cu
[unconnected_items]: Missing connection between items
    Local override; error
    @(153.1161 mm, 106.6261 mm): PTH pad 4 [GND] of USBC1
    @(153.1161 mm, 102.4461 mm): PTH pad 3 [GND] of USBC1
[unconnected_items]: Missing connection between items
    Local override; error
    @(157.0061 mm, 124.0236 mm): Pad 16 [GND] of U3 on F.Cu
    @(154.2861 mm, 122.9136 mm): Pad 1 [GND] of C3 on F.Cu
[unconnected_items]: Missing connection between items
    Local override; error
    @(157.0061 mm, 124.0236 mm): Pad 16 [GND] of U3 on F.Cu
    @(156.0661 mm, 130.7436 mm): Pad 1 [GND] of C4 on F.Cu
[unconnected_items]: Missing connection between items
    Local override; error
    @(158.7861 mm, 144.3936 mm): PTH pad 4 [GND] of J6
    @(151.2861 mm, 152.8936 mm): PTH pad 4 [GND] of J7
[unconnected_items]: Missing connection between items
    Local override; error
    @(158.7861 mm, 144.3936 mm): PTH pad 4 [GND] of J6
    @(166.7861 mm, 152.8936 mm): PTH pad 4 [GND] of J5
[unconnected_items]: Missing connection between items
    Local override; error
    @(160.2861 mm, 101.8536 mm): PTH pad 4 [GND] of J3
    @(153.1161 mm, 102.4461 mm): PTH pad 3 [GND] of USBC1
[unconnected_items]: Missing connection between items
    Local override; error
    @(161.5661 mm, 129.7636 mm): Pad 8 [GND] of U3 on F.Cu
    @(156.0661 mm, 130.7436 mm): Pad 1 [GND] of C4 on F.Cu
[unconnected_items]: Missing connection between items
    Local override; error
    @(176.7861 mm, 103.3936 mm): PTH pad 4 [GND] of J13
    @(160.2861 mm, 101.8536 mm): PTH pad 4 [GND] of J3
[unconnected_items]: Missing connection between items
    Local override; error
    @(119.2861 mm, 116.0536 mm): Pad 1 [/MODE_PAIR] of SW2 on F.Cu
    @(132.2361 mm, 115.3461 mm): Pad 22 [/MODE_PAIR] of U1 on F.Cu
[unconnected_items]: Missing connection between items
    Local override; error
    @(125.2861 mm, 144.3936 mm): PTH pad 3 [/KEY_LED_5V] of J10
    @(117.7861 mm, 152.8936 mm): PTH pad 3 [/KEY_LED_5V] of J11
[unconnected_items]: Missing connection between items
    Local override; error
    @(133.2861 mm, 152.8936 mm): PTH pad 3 [/KEY_LED_5V] of J9
    @(140.7861 mm, 144.3936 mm): PTH pad 3 [/KEY_LED_5V] of J8
[unconnected_items]: Missing connection between items
    Local override; error
    @(133.2861 mm, 152.8936 mm): PTH pad 3 [/KEY_LED_5V] of J9
    @(125.2861 mm, 144.3936 mm): PTH pad 3 [/KEY_LED_5V] of J10
[unconnected_items]: Missing connection between items
    Local override; error
    @(137.7861 mm, 136.3936 mm): Pad 1 [/KEY_LED_5V] of D2 on F.Cu
    @(140.7861 mm, 144.3936 mm): PTH pad 3 [/KEY_LED_5V] of J8
[unconnected_items]: Missing connection between items
    Local override; error
    @(137.7861 mm, 136.3936 mm): Pad 1 [/KEY_LED_5V] of D2 on F.Cu
    @(108.2861 mm, 103.3936 mm): PTH pad 3 [/KEY_LED_5V] of J12
[unconnected_items]: Missing connection between items
    Local override; error
    @(148.7861 mm, 152.8936 mm): PTH pad 3 [/KEY_LED_5V] of J7
    @(156.2861 mm, 144.3936 mm): PTH pad 3 [/KEY_LED_5V] of J6
[unconnected_items]: Missing connection between items
    Local override; error
    @(148.7861 mm, 152.8936 mm): PTH pad 3 [/KEY_LED_5V] of J7
    @(140.7861 mm, 144.3936 mm): PTH pad 3 [/KEY_LED_5V] of J8
[unconnected_items]: Missing connection between items
    Local override; error
    @(156.2861 mm, 144.3936 mm): PTH pad 3 [/KEY_LED_5V] of J6
    @(164.2861 mm, 152.8936 mm): PTH pad 3 [/KEY_LED_5V] of J5
[unconnected_items]: Missing connection between items
    Local override; error
    @(156.2861 mm, 144.3936 mm): PTH pad 3 [/KEY_LED_5V] of J6
    @(174.2861 mm, 103.3936 mm): PTH pad 3 [/KEY_LED_5V] of J13
[unconnected_items]: Missing connection between items
    Local override; error
    @(128.2861 mm, 130.9036 mm): Pad 1 [/VBUS_5V] of R1 on F.Cu
    @(117.7861 mm, 128.3436 mm): Pad 2 [/VBUS_5V] of D1 on F.Cu
[unconnected_items]: Missing connection between items
    Local override; error
    @(128.2861 mm, 130.9036 mm): Pad 1 [/VBUS_5V] of R1 on F.Cu
    @(141.7861 mm, 136.3936 mm): Pad 2 [/VBUS_5V] of D2 on F.Cu
[unconnected_items]: Missing connection between items
    Local override; error
    @(149.1561 mm, 124.1536 mm): Pad 7 [/VBUS_5V] of U2 on F.Cu
    @(141.7861 mm, 136.3936 mm): Pad 2 [/VBUS_5V] of D2 on F.Cu
[unconnected_items]: Missing connection between items
    Local override; error
    @(151.1861 mm, 107.3861 mm): Pad A4B9 [/VBUS_5V] of USBC1 on F.Cu
    @(146.3861 mm, 107.3861 mm): Pad B4A9 [/VBUS_5V] of USBC1 on F.Cu
[unconnected_items]: Missing connection between items
    Local override; error
    @(151.1861 mm, 107.3861 mm): Pad A4B9 [/VBUS_5V] of USBC1 on F.Cu
    @(154.2861 mm, 123.8736 mm): Pad 2 [/VBUS_5V] of C3 on F.Cu
[unconnected_items]: Missing connection between items
    Local override; error
    @(153.0661 mm, 124.1536 mm): Pad 1 [/VBUS_5V] of U2 on F.Cu
    @(154.2861 mm, 123.8736 mm): Pad 2 [/VBUS_5V] of C3 on F.Cu
[unconnected_items]: Missing connection between items
    Local override; error
    @(153.0661 mm, 124.1536 mm): Pad 1 [/VBUS_5V] of U2 on F.Cu
    @(149.1561 mm, 124.1536 mm): Pad 7 [/VBUS_5V] of U2 on F.Cu
[unconnected_items]: Missing connection between items
    Local override; error
    @(156.0661 mm, 129.7836 mm): Pad 2 [/VBUS_5V] of C4 on F.Cu
    @(157.0061 mm, 129.7636 mm): Pad 1 [/VBUS_5V] of U3 on F.Cu
[unconnected_items]: Missing connection between items
    Local override; error
    @(156.0661 mm, 129.7836 mm): Pad 2 [/VBUS_5V] of C4 on F.Cu
    @(154.2861 mm, 123.8736 mm): Pad 2 [/VBUS_5V] of C3 on F.Cu
[unconnected_items]: Missing connection between items
    Local override; error
    @(160.9161 mm, 129.7636 mm): Pad 7 [/VBUS_5V] of U3 on F.Cu
    @(157.0061 mm, 129.7636 mm): Pad 1 [/VBUS_5V] of U3 on F.Cu
[unconnected_items]: Missing connection between items
    Local override; error
    @(167.2861 mm, 111.3936 mm): Pad 1 [/VBUS_5V] of TP5 on F.Cu
    @(151.1861 mm, 107.3861 mm): Pad A4B9 [/VBUS_5V] of USBC1 on F.Cu
[unconnected_items]: Missing connection between items
    Local override; error
    @(137.6861 mm, 111.9461 mm): Pad 39 [/LED_DATA] of U1 on F.Cu
    @(152.4161 mm, 124.1536 mm): Pad 2 [/LED_DATA] of U2 on F.Cu
[unconnected_items]: Missing connection between items
    Local override; error
    @(151.7661 mm, 124.1536 mm): Pad 3 [/LED_K1] of U2 on F.Cu
    @(161.7861 mm, 152.8936 mm): PTH pad 2 [/LED_K1] of J5
[unconnected_items]: Missing connection between items
    Local override; error
    @(151.1061 mm, 124.1536 mm): Pad 4 [/LED_K2] of U2 on F.Cu
    @(153.7861 mm, 144.3936 mm): PTH pad 2 [/LED_K2] of J6
[unconnected_items]: Missing connection between items
    Local override; error
    @(146.2861 mm, 152.8936 mm): PTH pad 2 [/LED_K3] of J7
    @(150.4561 mm, 124.1536 mm): Pad 5 [/LED_K3] of U2 on F.Cu
[unconnected_items]: Missing connection between items
    Local override; error
    @(138.2861 mm, 144.3936 mm): PTH pad 2 [/LED_K4] of J8
    @(149.8061 mm, 124.1536 mm): Pad 6 [/LED_K4] of U2 on F.Cu
[unconnected_items]: Missing connection between items
    Local override; error
    @(148.5061 mm, 129.8936 mm): Pad 9 [/LED_CHAIN] of U2 on F.Cu
    @(157.6561 mm, 129.7636 mm): Pad 2 [/LED_CHAIN] of U3 on F.Cu
[unconnected_items]: Missing connection between items
    Local override; error
    @(137.6861 mm, 111.1461 mm): Pad 41 [/LED_LATCH] of U1 on F.Cu
    @(149.1561 mm, 129.8936 mm): Pad 10 [/LED_LATCH] of U2 on F.Cu
[unconnected_items]: Missing connection between items
    Local override; error
    @(149.1561 mm, 129.8936 mm): Pad 10 [/LED_LATCH] of U2 on F.Cu
    @(160.9161 mm, 124.0236 mm): Pad 10 [/LED_LATCH] of U3 on F.Cu
[unconnected_items]: Missing connection between items
    Local override; error
    @(130.7861 mm, 152.8936 mm): PTH pad 2 [/LED_K5] of J9
    @(149.8061 mm, 129.8936 mm): Pad 11 [/LED_K5] of U2 on F.Cu
[unconnected_items]: Missing connection between items
    Local override; error
    @(122.7861 mm, 144.3936 mm): PTH pad 2 [/LED_K6] of J10
    @(150.4561 mm, 129.8936 mm): Pad 12 [/LED_K6] of U2 on F.Cu
[unconnected_items]: Missing connection between items
    Local override; error
    @(115.2861 mm, 152.8936 mm): PTH pad 2 [/LED_K7] of J11
    @(151.1061 mm, 129.8936 mm): Pad 13 [/LED_K7] of U2 on F.Cu
[unconnected_items]: Missing connection between items
    Local override; error
    @(105.7861 mm, 103.3936 mm): PTH pad 2 [/LED_K8] of J12
    @(151.7661 mm, 129.8936 mm): Pad 14 [/LED_K8] of U2 on F.Cu
[unconnected_items]: Missing connection between items
    Local override; error
    @(136.7861 mm, 112.3461 mm): Pad 38 [/LED_CLK] of U1 on F.Cu
    @(152.4161 mm, 129.8936 mm): Pad 15 [/LED_CLK] of U2 on F.Cu
[unconnected_items]: Missing connection between items
    Local override; error
    @(152.4161 mm, 129.8936 mm): Pad 15 [/LED_CLK] of U2 on F.Cu
    @(157.6561 mm, 124.0236 mm): Pad 15 [/LED_CLK] of U3 on F.Cu
[unconnected_items]: Missing connection between items
    Local override; error
    @(131.8361 mm, 114.4461 mm): Pad 21 [/K4] of U1 on F.Cu
    @(135.7861 mm, 144.3936 mm): PTH pad 1 [/K4] of J8
[unconnected_items]: Missing connection between items
    Local override; error
    @(131.4361 mm, 115.3461 mm): Pad 20 [/K3] of U1 on F.Cu
    @(143.7861 mm, 152.8936 mm): PTH pad 1 [/K3] of J7
[unconnected_items]: Missing connection between items
    Local override; error
    @(128.2861 mm, 129.8836 mm): Pad 2 [/DISH_LED_5V] of R1 on F.Cu
    @(128.2861 mm, 135.8936 mm): PTH pad 1 [/DISH_LED_5V] of J1
[unconnected_items]: Missing connection between items
    Local override; error
    @(150.0361 mm, 107.3861 mm): Pad A5 [Net-(USBC1-CC1)] of USBC1 on F.Cu
    @(151.2861 mm, 110.8936 mm): Pad 2 [Net-(USBC1-CC1)] of R2 on F.Cu
[unconnected_items]: Missing connection between items
    Local override; error
    @(146.2861 mm, 110.8836 mm): Pad 1 [Net-(USBC1-CC2)] of R3 on F.Cu
    @(147.0361 mm, 107.3861 mm): Pad B5 [Net-(USBC1-CC2)] of USBC1 on F.Cu
[unconnected_items]: Missing connection between items
    Local override; error
    @(102.2461 mm, 124.3136 mm): PTH pad 1 [+3V3] of J4
    @(135.0111 mm, 118.8936 mm): Pad 2 [+3V3] of C2 on F.Cu
[unconnected_items]: Missing connection between items
    Local override; error
    @(134.6361 mm, 115.3461 mm): Pad 28 [+3V3] of U1 on F.Cu
    @(134.8061 mm, 117.3936 mm): Pad 2 [+3V3] of C1 on F.Cu
[unconnected_items]: Missing connection between items
    Local override; error
    @(134.8061 mm, 117.3936 mm): Pad 2 [+3V3] of C1 on F.Cu
    @(135.0111 mm, 118.8936 mm): Pad 2 [+3V3] of C2 on F.Cu
[unconnected_items]: Missing connection between items
    Local override; error
    @(135.0111 mm, 118.8936 mm): Pad 2 [+3V3] of C2 on F.Cu
    @(141.2861 mm, 117.8836 mm): Pad 1 [+3V3] of R4 on F.Cu
[unconnected_items]: Missing connection between items
    Local override; error
    @(135.0111 mm, 118.8936 mm): Pad 2 [+3V3] of C2 on F.Cu
    @(136.2861 mm, 126.3936 mm): Pad 1 [+3V3] of TP6 on F.Cu
[unconnected_items]: Missing connection between items
    Local override; error
    @(142.7861 mm, 117.8836 mm): Pad 2 [+3V3] of R5 on F.Cu
    @(141.2861 mm, 117.8836 mm): Pad 1 [+3V3] of R4 on F.Cu
[unconnected_items]: Missing connection between items
    Local override; error
    @(142.7861 mm, 117.8836 mm): Pad 2 [+3V3] of R5 on F.Cu
    @(160.2861 mm, 109.4736 mm): PTH pad 1 [+3V3] of J3
[unconnected_items]: Missing connection between items
    Local override; error
    @(139.7861 mm, 126.3936 mm): Pad 1 [/RD2] of TP4 on F.Cu
    @(141.2861 mm, 120.3836 mm): Pad 2 [/RD2] of R7 on F.Cu
[unconnected_items]: Missing connection between items
    Local override; error
    @(141.2861 mm, 118.9036 mm): Pad 2 [/RD2] of R4 on F.Cu
    @(136.7861 mm, 113.1461 mm): Pad 36 [/RD2] of U1 on F.Cu
[unconnected_items]: Missing connection between items
    Local override; error
    @(141.2861 mm, 120.3836 mm): Pad 2 [/RD2] of R7 on F.Cu
    @(141.2861 mm, 118.9036 mm): Pad 2 [/RD2] of R4 on F.Cu
[unconnected_items]: Missing connection between items
    Local override; error
    @(112.7861 mm, 135.8936 mm): PTH pad 1 [Net-(J14-Pin_1)] of J14
    @(142.7861 mm, 121.4036 mm): Pad 1 [Net-(J14-Pin_1)] of R6 on F.Cu
[unconnected_items]: Missing connection between items
    Local override; error
    @(115.2861 mm, 135.8936 mm): PTH pad 2 [Net-(J14-Pin_2)] of J14
    @(141.2861 mm, 121.4036 mm): Pad 1 [Net-(J14-Pin_2)] of R7 on F.Cu
[unconnected_items]: Missing connection between items
    Local override; error
    @(112.7861 mm, 123.3936 mm): Pad 1 [/SCR_5V] of TP1 on F.Cu
    @(117.7861 mm, 130.4436 mm): Pad 1 [/SCR_5V] of D1 on F.Cu
[unconnected_items]: Missing connection between items
    Local override; error
    @(117.7861 mm, 130.4436 mm): Pad 1 [/SCR_5V] of D1 on F.Cu
    @(121.0111 mm, 130.3936 mm): Pad 1 [/SCR_5V] of C5 on F.Cu
[unconnected_items]: Missing connection between items
    Local override; error
    @(117.7861 mm, 130.4436 mm): Pad 1 [/SCR_5V] of D1 on F.Cu
    @(117.7861 mm, 135.8936 mm): PTH pad 3 [/SCR_5V] of J14
[unconnected_items]: Missing connection between items
    Local override; error
    @(121.0111 mm, 130.3936 mm): Pad 1 [/SCR_5V] of C5 on F.Cu
    @(120.8261 mm, 128.8936 mm): Pad 1 [/SCR_5V] of C6 on F.Cu
[unconnected_items]: Missing connection between items
    Local override; error
    @(142.7861 mm, 118.9036 mm): Pad 1 [/RD1] of R5 on F.Cu
    @(137.6861 mm, 112.7461 mm): Pad 37 [/RD1] of U1 on F.Cu
[unconnected_items]: Missing connection between items
    Local override; error
    @(142.7861 mm, 120.3836 mm): Pad 2 [/RD1] of R6 on F.Cu
    @(142.7861 mm, 118.9036 mm): Pad 1 [/RD1] of R5 on F.Cu
[unconnected_items]: Missing connection between items
    Local override; error
    @(143.2861 mm, 126.3936 mm): Pad 1 [/RD1] of TP3 on F.Cu
    @(142.7861 mm, 120.3836 mm): Pad 2 [/RD1] of R6 on F.Cu
[unconnected_items]: Missing connection between items
    Local override; error
    @(129.2861 mm, 109.9461 mm): Pad 9 [/K2] of U1 on F.Cu
    @(151.2861 mm, 144.3936 mm): PTH pad 1 [/K2] of J6
[unconnected_items]: Missing connection between items
    Local override; error
    @(130.6361 mm, 115.3461 mm): Pad 18 [/SELECT] of U1 on F.Cu
    @(169.2861 mm, 103.3936 mm): PTH pad 1 [/SELECT] of J13
[unconnected_items]: Missing connection between items
    Local override; error
    @(158.3061 mm, 129.7636 mm): Pad 3 [/LED_K9] of U3 on F.Cu
    @(171.7861 mm, 103.3936 mm): PTH pad 2 [/LED_K9] of J13
[unconnected_items]: Missing connection between items
    Local override; error
    @(120.2861 mm, 144.3936 mm): PTH pad 1 [/K6] of J10
    @(128.3861 mm, 110.3461 mm): Pad 10 [/K6] of U1 on F.Cu
[unconnected_items]: Missing connection between items
    Local override; error
    @(137.6861 mm, 106.3461 mm): Pad 51 [/SWDIO] of U1 on F.Cu
    @(160.2861 mm, 106.9336 mm): PTH pad 2 [/SWDIO] of J3
[unconnected_items]: Missing connection between items
    Local override; error
    @(137.6861 mm, 105.5461 mm): Pad 53 [/SWDCLK] of U1 on F.Cu
    @(160.2861 mm, 104.3936 mm): PTH pad 3 [/SWDCLK] of J3
[unconnected_items]: Missing connection between items
    Local override; error
    @(112.7861 mm, 152.8936 mm): PTH pad 1 [/K7] of J11
    @(128.3861 mm, 111.9461 mm): Pad 14 [/K7] of U1 on F.Cu
[unconnected_items]: Missing connection between items
    Local override; error
    @(102.2461 mm, 126.8536 mm): PTH pad 3 [/EXP0] of J4
    @(136.7861 mm, 110.7461 mm): Pad 42 [/EXP0] of U1 on F.Cu
[unconnected_items]: Missing connection between items
    Local override; error
    @(104.7861 mm, 126.8536 mm): PTH pad 4 [/EXP1] of J4
    @(137.6861 mm, 109.5461 mm): Pad 44 [/EXP1] of U1 on F.Cu
[unconnected_items]: Missing connection between items
    Local override; error
    @(102.2461 mm, 129.3936 mm): PTH pad 5 [/EXP2] of J4
    @(136.7861 mm, 109.9461 mm): Pad 43 [/EXP2] of U1 on F.Cu
[unconnected_items]: Missing connection between items
    Local override; error
    @(104.7861 mm, 129.3936 mm): PTH pad 6 [/EXP3] of J4
    @(137.6861 mm, 108.7461 mm): Pad 46 [/EXP3] of U1 on F.Cu
[unconnected_items]: Missing connection between items
    Local override; error
    @(102.2461 mm, 131.9336 mm): PTH pad 7 [/EXP4] of J4
    @(136.7861 mm, 109.1461 mm): Pad 45 [/EXP4] of U1 on F.Cu
[unconnected_items]: Missing connection between items
    Local override; error
    @(104.7861 mm, 131.9336 mm): PTH pad 8 [/EXP5] of J4
    @(137.6861 mm, 107.9461 mm): Pad 48 [/EXP5] of U1 on F.Cu
[unconnected_items]: Missing connection between items
    Local override; error
    @(102.2461 mm, 134.4736 mm): PTH pad 9 [/EXP6] of J4
    @(136.7861 mm, 107.5461 mm): Pad 49 [/EXP6] of U1 on F.Cu
[unconnected_items]: Missing connection between items
    Local override; error
    @(104.7861 mm, 134.4736 mm): PTH pad 10 [/EXP7] of J4
    @(131.0361 mm, 114.4461 mm): Pad 19 [/EXP7] of U1 on F.Cu
[unconnected_items]: Missing connection between items
    Local override; error
    @(129.2861 mm, 110.7461 mm): Pad 11 [/K1] of U1 on F.Cu
    @(159.2861 mm, 152.8936 mm): PTH pad 1 [/K1] of J5
[unconnected_items]: Missing connection between items
    Local override; error
    @(128.2861 mm, 152.8936 mm): PTH pad 1 [/K5] of J9
    @(129.2861 mm, 111.5461 mm): Pad 13 [/K5] of U1 on F.Cu
[unconnected_items]: Missing connection between items
    Local override; error
    @(103.2861 mm, 103.3936 mm): PTH pad 1 [/START] of J12
    @(129.8361 mm, 115.3461 mm): Pad 17 [/START] of U1 on F.Cu

** Found 0 Footprint errors **

** Ignored checks **
    - Footprint has no courtyard defined
    - Track endpoint not centered on via
    - Tuning profile track geometries
    - Footprint doesn't match symbol's footprint filters
    - Footprint component type doesn't match footprint pads

** End of Report **
