ERC report (2026-10-10T13:24:37, Encoding UTF8)
Report includes: Errors, Warnings

***** Sheet /
[footprint_link_issues]: 現在の構成にはフットプリント ライブラリ 'PCM_fab' が含まれていません
    ; warning
    @(1600 mils, 7450 mils): Symbol #FLG01 [PWR_FLAG]
[lib_symbol_issues]: 現在の構成にはシンボル ライブラリ 'PCM_fab' が含まれていません
    ; warning
    @(1600 mils, 7450 mils): Symbol #FLG01 [PWR_FLAG]
[footprint_link_issues]: 現在の構成にはフットプリント ライブラリ 'PCM_fab' が含まれていません
    ; warning
    @(2000 mils, 7450 mils): Symbol #FLG02 [PWR_FLAG]
[lib_symbol_issues]: 現在の構成にはシンボル ライブラリ 'PCM_fab' が含まれていません
    ; warning
    @(2000 mils, 7450 mils): Symbol #FLG02 [PWR_FLAG]
[isolated_pin_label]: Label connected to only one pin
    ; warning
    @(4200 mils, 1600 mils): Label 'LED_K1'
[isolated_pin_label]: Label connected to only one pin
    ; warning
    @(4750 mils, 1600 mils): Label 'LED_K2'
[isolated_pin_label]: Label connected to only one pin
    ; warning
    @(5300 mils, 1600 mils): Label 'LED_K3'
[isolated_pin_label]: Label connected to only one pin
    ; warning
    @(5850 mils, 1600 mils): Label 'LED_K4'
[isolated_pin_label]: Label connected to only one pin
    ; warning
    @(6400 mils, 1600 mils): Label 'LED_K5'
[isolated_pin_label]: Label connected to only one pin
    ; warning
    @(6950 mils, 1600 mils): Label 'LED_K6'
[isolated_pin_label]: Label connected to only one pin
    ; warning
    @(6950 mils, 4300 mils): Label 'LED_DATA'
[isolated_pin_label]: Label connected to only one pin
    ; warning
    @(6950 mils, 4400 mils): Label 'LED_CLK'
[isolated_pin_label]: Label connected to only one pin
    ; warning
    @(6950 mils, 4500 mils): Label 'LED_LATCH'
[isolated_pin_label]: Label connected to only one pin
    ; warning
    @(7500 mils, 1600 mils): Label 'LED_K7'
[isolated_pin_label]: Label connected to only one pin
    ; warning
    @(8050 mils, 1600 mils): Label 'LED_K8'
[isolated_pin_label]: Label connected to only one pin
    ; warning
    @(8600 mils, 1600 mils): Label 'LED_K9'
[lib_symbol_issues]: 現在の構成にはシンボル ライブラリ 'PCM_Elektuur' が含まれていません
    ; warning
    @(9400 mils, 3450 mils): Symbol C3 [C]
[lib_symbol_issues]: 現在の構成にはシンボル ライブラリ 'PCM_Elektuur' が含まれていません
    ; warning
    @(9400 mils, 3650 mils): Symbol C4 [C]

 ** ERC messages: 18  Errors 0  Warnings 18

 ** Ignored checks:
    - Global label only appears once in the schematic
    - Four connection points are joined together
    - SPICE model issue
    - Assigned footprint doesn't match footprint filters
