ERC report (2026-10-10T13:03:00, Encoding UTF8)
Report includes: Errors, Warnings

***** Sheet /
[pin_not_connected]: Pin not connected
    ; error
    @(3250 mils, 4250 mils): Symbol U2 Pin 12 [P0.31, 双方向, ライン]
[pin_not_connected]: Pin not connected
    ; error
    @(3250 mils, 4850 mils): Symbol U2 Pin 34 [D-, 双方向, ライン]
[pin_not_connected]: Pin not connected
    ; error
    @(3250 mils, 4950 mils): Symbol U2 Pin 35 [D+, 双方向, ライン]
[pin_not_connected]: Pin not connected
    ; error
    @(3250 mils, 5150 mils): Symbol U2 Pin 61 [P1.01, 双方向, ライン]
[pin_not_connected]: Pin not connected
    ; error
    @(3250 mils, 5250 mils): Symbol U2 Pin 50 [P1.02, 双方向, ライン]
[pin_not_connected]: Pin not connected
    ; error
    @(3250 mils, 5350 mils): Symbol U2 Pin 60 [P1.03, 双方向, ライン]
[pin_not_connected]: Pin not connected
    ; error
    @(3250 mils, 5450 mils): Symbol U2 Pin 56 [P1.04, 双方向, ライン]
[pin_not_connected]: Pin not connected
    ; error
    @(3250 mils, 5550 mils): Symbol U2 Pin 59 [P1.05, 双方向, ライン]
[pin_not_connected]: Pin not connected
    ; error
    @(3250 mils, 5650 mils): Symbol U2 Pin 57 [P1.06, 双方向, ライン]
[pin_not_connected]: Pin not connected
    ; error
    @(3250 mils, 5750 mils): Symbol U2 Pin 58 [P1.07, 双方向, ライン]
[pin_not_connected]: Pin not connected
    ; error
    @(3250 mils, 5850 mils): Symbol U2 Pin 25 [P1.08, 双方向, ライン]
[pin_not_connected]: Pin not connected
    ; error
    @(3250 mils, 5950 mils): Symbol U2 Pin 3 [P1.10, 双方向, ライン]
[pin_not_connected]: Pin not connected
    ; error
    @(3250 mils, 6050 mils): Symbol U2 Pin 4 [P1.11, 双方向, ライン]
[pin_not_connected]: Pin not connected
    ; error
    @(3250 mils, 6150 mils): Symbol U2 Pin 5 [P1.12, 双方向, ライン]
[pin_not_connected]: Pin not connected
    ; error
    @(3250 mils, 6250 mils): Symbol U2 Pin 6 [P1.13, 双方向, ライン]
[pin_not_connected]: Pin not connected
    ; error
    @(3250 mils, 6350 mils): Symbol U2 Pin 7 [P1.14, 双方向, ライン]
[pin_not_connected]: Pin not connected
    ; error
    @(3250 mils, 6450 mils): Symbol U2 Pin 8 [P1.15, 双方向, ライン]
[pin_not_connected]: Pin not connected
    ; error
    @(4850 mils, 3850 mils): Symbol U2 Pin 24 [P0.08, 双方向, ライン]
[pin_not_connected]: Pin not connected
    ; error
    @(4850 mils, 4650 mils): Symbol U2 Pin 40 [P0.18, 双方向, ライン]
[pin_not_connected]: Pin not connected
    ; error
    @(4850 mils, 4850 mils): Symbol U2 Pin 42 [P0.19, 双方向, ライン]
[pin_not_connected]: Pin not connected
    ; error
    @(4850 mils, 4950 mils): Symbol U2 Pin 44 [P0.20, 双方向, ライン]
[pin_not_connected]: Pin not connected
    ; error
    @(4850 mils, 5050 mils): Symbol U2 Pin 43 [P0.21, 双方向, ライン]
[pin_not_connected]: Pin not connected
    ; error
    @(4850 mils, 5150 mils): Symbol U2 Pin 46 [P0.22, 双方向, ライン]
[pin_not_connected]: Pin not connected
    ; error
    @(4850 mils, 5250 mils): Symbol U2 Pin 45 [P0.23, 双方向, ライン]
[pin_not_connected]: Pin not connected
    ; error
    @(4850 mils, 5350 mils): Symbol U2 Pin 48 [P0.24, 双方向, ライン]
[pin_not_connected]: Pin not connected
    ; error
    @(4850 mils, 5450 mils): Symbol U2 Pin 49 [P0.25, 双方向, ライン]
[pin_not_connected]: Pin not connected
    ; error
    @(4850 mils, 5550 mils): Symbol U2 Pin 19 [P0.26, 双方向, ライン]
[pin_not_connected]: Pin not connected
    ; error
    @(4850 mils, 5650 mils): Symbol U2 Pin 16 [P0.27, 双方向, ライン]
[pin_not_connected]: Pin not connected
    ; error
    @(4850 mils, 5850 mils): Symbol U2 Pin 47 [P1.00, 双方向, ライン]
[pin_not_connected]: Pin not connected
    ; error
    @(4850 mils, 5950 mils): Symbol U2 Pin 29 [P0.12, 双方向, ライン]
[pin_not_connected]: Pin not connected
    ; error
    @(4850 mils, 6050 mils): Symbol U2 Pin 27 [P0.11, 双方向, ライン]
[pin_not_connected]: Pin not connected
    ; error
    @(4850 mils, 6150 mils): Symbol U2 Pin 26 [P1.09, 双方向, ライン]
[pin_not_connected]: Pin not connected
    ; error
    @(4850 mils, 6250 mils): Symbol U2 Pin 23 [P0.07, 双方向, ライン]
[footprint_link_issues]: 現在の構成にはフットプリント ライブラリ 'PCM_fab' が含まれていません
    ; warning
    @(1600 mils, 7450 mils): Symbol #FLG01 [PWR_FLAG]
[lib_symbol_issues]: 現在の構成にはシンボル ライブラリ 'PCM_fab' が含まれていません
    ; warning
    @(1600 mils, 7450 mils): Symbol #FLG01 [PWR_FLAG]
[footprint_link_issues]: 現在の構成にはフットプリント ライブラリ 'PCM_fab' が含まれていません
    ; warning
    @(2000 mils, 7450 mils): Symbol #FLG02 [PWR_FLAG]
[lib_symbol_issues]: 現在の構成にはシンボル ライブラリ 'PCM_fab' が含まれていません
    ; warning
    @(2000 mils, 7450 mils): Symbol #FLG02 [PWR_FLAG]
[isolated_pin_label]: Label connected to only one pin
    ; warning
    @(4200 mils, 1600 mils): Label 'LED_K1'
[isolated_pin_label]: Label connected to only one pin
    ; warning
    @(4750 mils, 1600 mils): Label 'LED_K2'
[isolated_pin_label]: Label connected to only one pin
    ; warning
    @(5300 mils, 1600 mils): Label 'LED_K3'
[isolated_pin_label]: Label connected to only one pin
    ; warning
    @(5300 mils, 4250 mils): Label 'LED_DATA'
[isolated_pin_label]: Label connected to only one pin
    ; warning
    @(5300 mils, 4350 mils): Label 'LED_CLK'
[isolated_pin_label]: Label connected to only one pin
    ; warning
    @(5300 mils, 4450 mils): Label 'LED_LATCH'
[isolated_pin_label]: Label connected to only one pin
    ; warning
    @(5850 mils, 1600 mils): Label 'LED_K4'
[isolated_pin_label]: Label connected to only one pin
    ; warning
    @(6400 mils, 1600 mils): Label 'LED_K5'
[isolated_pin_label]: Label connected to only one pin
    ; warning
    @(6950 mils, 1600 mils): Label 'LED_K6'
[isolated_pin_label]: Label connected to only one pin
    ; warning
    @(7500 mils, 1600 mils): Label 'LED_K7'
[isolated_pin_label]: Label connected to only one pin
    ; warning
    @(8050 mils, 1600 mils): Label 'LED_K8'
[isolated_pin_label]: Label connected to only one pin
    ; warning
    @(8600 mils, 1600 mils): Label 'LED_K9'
[lib_symbol_issues]: 現在の構成にはシンボル ライブラリ 'PCM_Elektuur' が含まれていません
    ; warning
    @(9400 mils, 3450 mils): Symbol C1 [C]
[lib_symbol_issues]: 現在の構成にはシンボル ライブラリ 'PCM_Elektuur' が含まれていません
    ; warning
    @(9400 mils, 3650 mils): Symbol C2 [C]

 ** ERC messages: 51  Errors 33  Warnings 18

 ** Ignored checks:
    - Global label only appears once in the schematic
    - Four connection points are joined together
    - SPICE model issue
    - Assigned footprint doesn't match footprint filters
